// Jest Snapshot v1, https://goo.gl/fbAQLP

exports[`renders correctly 1`] = `
<div>
  <h1
    data-testid="loginHeader"
  >
    Login
  </h1>
  <div
    className="container"
  >
    User Name: 
    <input
      data-testid="username"
      name="username"
      onChange={[Function]}
      type="text"
      value="bytecaptain"
    />
    Password: 
    <input
      data-testid="password"
      name="password"
      onChange={[Function]}
      type="password"
      value=""
    />
    <button
      className="btn btn-success"
      data-testid="login"
      onClick={[Function]}
    >
      Login
    </button>
  </div>
</div>
`;
